*SUMMARY : UFGA8201MZ NIT X IRR, GAINESVILLE 2N*3I                                 DSSAT Cropping System Model Ver. 4.5.1.002     JAN 30, 2013; 11:00:23

!IDENTIFIERS......................... TREATMENT................ SITE INFORMATION............ DATES..........................................  DRY WEIGHT, YIELD AND YIELD COMPONENTS......................................  WATER...............................................  NITROGEN......................................  PHOSPHORUS............  POTASSIUM.............  ORGANIC MATTER..................................    WATER PRODUCTIVITY..................................................    NITROGEN PRODUCTIVITY...........
@   RUNNO   TRNO R# O# C# CR MODEL    TNAM                      FNAM     WSTA.... SOIL_ID...    SDAT    PDAT    EDAT    ADAT    MDAT    HDAT  DWAP    CWAM    HWAM    HWAH    BWAH  PWAM    HWUM  H#AM    H#UM  HIAM  LAIX  IR#M  IRCM  PRCM  ETCM  EPCM  ESCM  ROCM  DRCM  SWXM  NI#M  NICM  NFXM  NUCM  NLCM  NIAM  CNAM  GNAM  PI#M  PICM  PUPC  SPAM  KI#M  KICM  KUPC  SKAM  RECM  ONTAM   ONAM  OPTAM   OPAM   OCTAM    OCAM    DMPPM    DMPEM    DMPTM    DMPIM     YPPM     YPEM     YPTM     YPIM    DPNAM    DPNUM    YPNAM    YPNUM
        1      1  1  0  0 MZ MZCER045 RAINFED LOW NITROGEN      UFGA0002 UFGA8202 IBMZ910014 1982056 1982057 1982068 1982133 1982184 1982184   -99    6629    2201    2201       0  2478  0.3230   681   103.1 0.332   2.4     1    13   661   348   202   147    37   296   144     3   116     0   105    24    59    81    38   -99   -99   -99   -99   -99   -99   -99   -99     0   8661   8661      0      0   86678   86678     10.0     19.2     32.9    509.9     3.33     6.39    10.92   169.31     57.1     63.1     19.0     21.0
        2      2  1  0  0 MZ MZCER045 RAINFED HIGH NITROGEN     UFGA0002 UFGA8202 IBMZ910014 1982056 1982057 1982068 1982133 1982184 1982184   -99    7783    2884    2884       0  3190  0.3230   893   126.3 0.371   3.1     1    13   661   364   229   135    37   282   142     6   401     0   127    74   268   110    50   -99   -99   -99   -99   -99   -99   -99   -99     0   8661   8661      0      0   86642   86642     11.8     21.6     33.9    598.7     4.37     8.01    12.57   221.85     19.4     61.3      7.2     22.7
        3      3  1  0  0 MZ MZCER045 IRRIGATED LOW NITROGEN    UFGA0002 UFGA8202 IBMZ910014 1982056 1982057 1982068 1982133 1982184 1982184   -99   15598    8786    8786       0 11215  0.3083  2850   395.8 0.563   2.8    16   264   661   498   324   174    40   394   145     3   116     0   155    24    20   132   107   -99   -99   -99   -99   -99   -99   -99   -99     0   8653   8653      0      0   86602   86602     23.6     31.6     48.1     59.1    13.30    17.78    27.11    33.28    134.5    100.6     75.7     56.7
        4      4  1  0  0 MZ MZCER045 IRRIGATED HIGH NITROGEN   UFGA0002 UFGA8202 IBMZ910014 1982056 1982057 1982068 1982133 1982184 1982184   -99   22537   11979   11979       0 16212  0.3230  3709   515.1 0.532   4.6    16   264   661   500   384   115    41   396   141     6   401     0   254   130    98   225   186   -99   -99   -99   -99   -99   -99   -99   -99     0   8653   8653      0      0   86600   86600     34.1     45.6     58.6     85.4    18.13    24.22    31.16    45.38     56.2     88.7     29.9     47.2
        5      5  1  0  0 MZ MZCER045 VEG STRESS LOW NITROGEN   UFGA0002 UFGA8202 IBMZ910014 1982056 1982057 1982068 1982133 1982184 1982184   -99   14340    8206    8206       0 10320  0.3173  2586   359.2 0.572   2.8    13   201   661   463   291   172    40   366   144     3   116     0   150    24    22   131   107   -99   -99   -99   -99   -99   -99   -99   -99     0   8655   8655      0      0   86617   86617     21.7     31.2     49.3     71.3    12.42    17.87    28.20    40.83    123.6     95.6     70.7     54.7
        6      6  1  0  0 MZ MZCER045 VEG STRESS HIGH NITROGEN  UFGA0002 UFGA8202 IBMZ910014 1982056 1982057 1982068 1982133 1982184 1982184   -99   19222   10390   10390       0 13506  0.3230  3217   446.8 0.541   4.0    13   201   661   469   345   124    41   363   141     6   401     0   228   129   121   201   165   -99   -99   -99   -99   -99   -99   -99   -99     0   8656   8656      0      0   86631   86631     29.1     41.4     55.7     95.6    15.73    22.37    30.09    51.69     47.9     84.3     25.9     45.6
